Component: ARM Compiler 5.06 update 7 (build 960) Tool: armlink [4d3601]

==============================================================================

Section Cross References

    main.o(i.main) refers to bordage.o(i.init_girouette) for init_girouette
    main.o(i.main) refers to bordage.o(i.init_bordage) for init_bordage
    main.o(i.main) refers to transmission.o(i.init_transmission) for init_transmission
    main.o(i.main) refers to cap.o(i.init_cap) for init_cap
    main.o(i.main) refers to antichavirement.o(i.init_antichav) for init_antichav
    main.o(i.main) refers to antichavirement.o(i.ADXL_Init) for ADXL_Init
    main.o(i.main) refers to systick.o(i.Systick_ActiveIT) for Systick_ActiveIT
    main.o(i.main) refers to systick.o(i.systick_Init) for systick_Init
    main.o(i.main) refers to myadc.o(i.MyADC_Start) for MyADC_Start
    main.o(i.main) refers to main.o(i.systick_IT) for systick_IT
    main.o(i.systick_IT) refers to bordage.o(i.decodeur) for decodeur
    main.o(i.systick_IT) refers to usart.o(i.reception_data) for reception_data
    main.o(i.systick_IT) refers to bordage.o(i.bordage_voiles) for bordage_voiles
    main.o(i.systick_IT) refers to cap.o(i.Rotation) for Rotation
    main.o(i.systick_IT) refers to antichavirement.o(i.antichavirement) for antichavirement
    main.o(i.systick_IT) refers to transmission.o(i.envoi_info) for envoi_info
    main.o(i.systick_IT) refers to systick.o(.data) for compteursystick
    main.o(i.systick_IT) refers to main.o(.data) for dec
    mytimer.o(i.MyTimer_ActiveIT) refers to mytimer.o(i.__NVIC_EnableIRQ) for __NVIC_EnableIRQ
    mytimer.o(i.MyTimer_ActiveIT) refers to mytimer.o(i.__NVIC_SetPriority) for __NVIC_SetPriority
    mytimer.o(i.MyTimer_ActiveIT) refers to mytimer.o(.data) for pFnc1
    mytimer.o(i.TIM1_UP_IRQHandler) refers to mytimer.o(.data) for pFnc1
    mytimer.o(i.TIM2_IRQHandler) refers to mytimer.o(.data) for pFnc2
    mytimer.o(i.TIM3_IRQHandler) refers to mytimer.o(.data) for pFnc3
    mytimer.o(i.TIM4_IRQHandler) refers to mytimer.o(.data) for pFnc4
    myadc.o(i.ADC1_2_IRQHandler) refers to myadc.o(.data) for pFunc1
    myadc.o(i.MyADC_Active_IT) refers to myadc.o(.data) for pFunc1
    bordage.o(i.bordage_voiles) refers to mytimer.o(i.set_duty_cycle) for set_duty_cycle
    bordage.o(i.bordage_voiles) refers to bordage.o(.data) for Timer_bordage
    bordage.o(i.init_bordage) refers to driver_gpio.o(i.MyGPIO_Init) for MyGPIO_Init
    bordage.o(i.init_bordage) refers to mytimer.o(i.MyTimer_Base_Init) for MyTimer_Base_Init
    bordage.o(i.init_bordage) refers to mytimer.o(i.MyTimer_PWM) for MyTimer_PWM
    bordage.o(i.init_bordage) refers to bordage.o(.data) for Timer_bordage
    bordage.o(i.init_girouette) refers to driver_gpio.o(i.MyGPIO_Init) for MyGPIO_Init
    bordage.o(i.init_girouette) refers to bordage.o(.data) for GPIO_girouette_A
    driver_gpio.o(i.MyGPIO_Init) refers to driver_gpio.o(.data) for Config
    antichavirement.o(i.ADXL_Init) refers to myspi.o(i.MySPI_Init) for MySPI_Init
    antichavirement.o(i.ADXL_Init) refers to myspi.o(i.MySPI_Clear_NSS) for MySPI_Clear_NSS
    antichavirement.o(i.ADXL_Init) refers to myspi.o(i.MySPI_Send) for MySPI_Send
    antichavirement.o(i.ADXL_Init) refers to myspi.o(i.MySPI_Set_NSS) for MySPI_Set_NSS
    antichavirement.o(i.antichavirement) refers to antichavirement.o(i.get_roulis) for get_roulis
    antichavirement.o(i.antichavirement) refers to f2d.o(.text) for __aeabi_f2d
    antichavirement.o(i.antichavirement) refers to cdrcmple.o(.text) for __aeabi_cdrcmple
    antichavirement.o(i.antichavirement) refers to mytimer.o(i.set_duty_cycle) for set_duty_cycle
    antichavirement.o(i.antichavirement) refers to antichavirement.o(.data) for roulis
    antichavirement.o(i.get_roulis) refers to myspi.o(i.MySPI_Clear_NSS) for MySPI_Clear_NSS
    antichavirement.o(i.get_roulis) refers to myspi.o(i.MySPI_Send) for MySPI_Send
    antichavirement.o(i.get_roulis) refers to myspi.o(i.MySPI_Read) for MySPI_Read
    antichavirement.o(i.get_roulis) refers to myspi.o(i.MySPI_Set_NSS) for MySPI_Set_NSS
    antichavirement.o(i.get_roulis) refers to fflti.o(.text) for __aeabi_i2f
    antichavirement.o(i.get_roulis) refers to fdiv.o(.text) for __aeabi_fdiv
    antichavirement.o(i.get_roulis) refers to atanf.o(i.atanf) for atanf
    antichavirement.o(i.get_roulis) refers to antichavirement.o(.data) for Y0
    antichavirement.o(i.init_antichav) refers to driver_gpio.o(i.MyGPIO_Init) for MyGPIO_Init
    antichavirement.o(i.init_antichav) refers to mytimer.o(i.MyTimer_Base_Init) for MyTimer_Base_Init
    antichavirement.o(i.init_antichav) refers to mytimer.o(i.MyTimer_PWM) for MyTimer_PWM
    antichavirement.o(i.init_antichav) refers to antichavirement.o(.data) for Timer_servo
    cap.o(i.Rotation) refers to driver_gpio.o(i.MyGPIO_Reset) for MyGPIO_Reset
    cap.o(i.Rotation) refers to driver_gpio.o(i.MyGPIO_Set) for MyGPIO_Set
    cap.o(i.Rotation) refers to mytimer.o(i.set_duty_cycle) for set_duty_cycle
    cap.o(i.Rotation) refers to cap.o(.data) for Out
    cap.o(i.init_cap) refers to driver_gpio.o(i.MyGPIO_Init) for MyGPIO_Init
    cap.o(i.init_cap) refers to mytimer.o(i.MyTimer_Base_Init) for MyTimer_Base_Init
    cap.o(i.init_cap) refers to mytimer.o(i.MyTimer_PWM) for MyTimer_PWM
    cap.o(i.init_cap) refers to cap.o(.data) for Out
    transmission.o(i.USART_Transmit_String) refers to usart.o(i.envoi_data) for envoi_data
    transmission.o(i.envoi_info) refers to transmission.o(i.USART_Transmit_String) for USART_Transmit_String
    transmission.o(i.init_transmission) refers to driver_gpio.o(i.MyGPIO_Init) for MyGPIO_Init
    transmission.o(i.init_transmission) refers to myadc.o(i.MyADC_Start) for MyADC_Start
    transmission.o(i.init_transmission) refers to usart.o(i.Conf) for Conf
    transmission.o(i.init_transmission) refers to usart.o(i.Conf_Emission) for Conf_Emission
    transmission.o(i.init_transmission) refers to usart.o(i.Conf_Reception) for Conf_Reception
    transmission.o(i.init_transmission) refers to transmission.o(.data) for UTX
    transmission.o(i.lecture_batterie) refers to myadc.o(i.MyADC_SingleCont) for MyADC_SingleCont
    transmission.o(i.lecture_batterie) refers to transmission.o(i.envoi_info) for envoi_info
    usart.o(i.Active_IT) refers to usart.o(i.__NVIC_EnableIRQ) for __NVIC_EnableIRQ
    usart.o(i.Active_IT) refers to usart.o(i.__NVIC_SetPriority) for __NVIC_SetPriority
    usart.o(i.Active_IT) refers to usart.o(.data) for pFnc1_1
    usart.o(i.USART1_IRQHandler) refers to usart.o(.data) for pFnc1_1
    usart.o(i.USART2_IRQHandler) refers to usart.o(.data) for pFnc2_2
    usart.o(i.USART3_IRQHandler) refers to usart.o(.data) for pFnc3_3
    systick.o(i.SysTick_Handler) refers to systick.o(.data) for handler_systick_ptr
    systick.o(i.Systick_ActiveIT) refers to systick.o(.data) for handler_systick_ptr
    startup_stm32f10x_md.o(RESET) refers to startup_stm32f10x_md.o(STACK) for __initial_sp
    startup_stm32f10x_md.o(RESET) refers to startup_stm32f10x_md.o(.text) for Reset_Handler
    startup_stm32f10x_md.o(RESET) refers to systick.o(i.SysTick_Handler) for SysTick_Handler
    startup_stm32f10x_md.o(RESET) refers to myadc.o(i.ADC1_2_IRQHandler) for ADC1_2_IRQHandler
    startup_stm32f10x_md.o(RESET) refers to mytimer.o(i.TIM1_UP_IRQHandler) for TIM1_UP_IRQHandler
    startup_stm32f10x_md.o(RESET) refers to mytimer.o(i.TIM2_IRQHandler) for TIM2_IRQHandler
    startup_stm32f10x_md.o(RESET) refers to mytimer.o(i.TIM3_IRQHandler) for TIM3_IRQHandler
    startup_stm32f10x_md.o(RESET) refers to mytimer.o(i.TIM4_IRQHandler) for TIM4_IRQHandler
    startup_stm32f10x_md.o(RESET) refers to usart.o(i.USART1_IRQHandler) for USART1_IRQHandler
    startup_stm32f10x_md.o(RESET) refers to usart.o(i.USART2_IRQHandler) for USART2_IRQHandler
    startup_stm32f10x_md.o(RESET) refers to usart.o(i.USART3_IRQHandler) for USART3_IRQHandler
    startup_stm32f10x_md.o(.text) refers to system_stm32f10x.o(i.SystemInit) for SystemInit
    startup_stm32f10x_md.o(.text) refers to entry.o(.ARM.Collect$$$$00000000) for __main
    system_stm32f10x.o(i.SetSysClock) refers to system_stm32f10x.o(i.SetSysClockTo72) for SetSysClockTo72
    system_stm32f10x.o(i.SystemCoreClockUpdate) refers to system_stm32f10x.o(.data) for SystemCoreClock
    system_stm32f10x.o(i.SystemInit) refers to system_stm32f10x.o(i.SetSysClock) for SetSysClock
    myspi.o(i.MySPI_Clear_NSS) refers to myspi.o(.data) for ActiveSPI
    myspi.o(i.MySPI_Init) refers to myspi.o(i.MySPI_Set_NSS) for MySPI_Set_NSS
    myspi.o(i.MySPI_Init) refers to myspi.o(.data) for ActiveSPI
    myspi.o(i.MySPI_Read) refers to myspi.o(.data) for ActiveSPI
    myspi.o(i.MySPI_Send) refers to myspi.o(.data) for ActiveSPI
    myspi.o(i.MySPI_Set_NSS) refers to myspi.o(.data) for ActiveSPI
    atanf.o(i.__softfp_atanf) refers (Special) to iusefp.o(.text) for __I$use$fp
    atanf.o(i.__softfp_atanf) refers to atanf.o(i.atanf) for atanf
    atanf.o(i.atanf) refers (Special) to iusefp.o(.text) for __I$use$fp
    atanf.o(i.atanf) refers to fdiv.o(.text) for __aeabi_fdiv
    atanf.o(i.atanf) refers to fadd.o(.text) for __aeabi_fsub
    atanf.o(i.atanf) refers to fmul.o(.text) for __aeabi_fmul
    atanf.o(i.atanf) refers to fpclassifyf.o(i.__ARM_fpclassifyf) for __ARM_fpclassifyf
    atanf.o(i.atanf) refers to funder.o(i.__mathlib_flt_underflow) for __mathlib_flt_underflow
    atanf.o(i.atanf) refers to funder.o(i.__mathlib_flt_infnan) for __mathlib_flt_infnan
    atanf_x.o(i.____softfp_atanf$lsc) refers (Special) to iusefp.o(.text) for __I$use$fp
    atanf_x.o(i.____softfp_atanf$lsc) refers to atanf_x.o(i.__atanf$lsc) for __atanf$lsc
    atanf_x.o(i.__atanf$lsc) refers (Special) to iusefp.o(.text) for __I$use$fp
    atanf_x.o(i.__atanf$lsc) refers to fdiv.o(.text) for __aeabi_fdiv
    atanf_x.o(i.__atanf$lsc) refers to fadd.o(.text) for __aeabi_fsub
    atanf_x.o(i.__atanf$lsc) refers to fmul.o(.text) for __aeabi_fmul
    atanf_x.o(i.__atanf$lsc) refers to funder.o(i.__mathlib_flt_infnan) for __mathlib_flt_infnan
    entry.o(.ARM.Collect$$$$00000000) refers (Special) to entry10a.o(.ARM.Collect$$$$0000000F) for __rt_final_cpp
    entry.o(.ARM.Collect$$$$00000000) refers (Special) to entry11a.o(.ARM.Collect$$$$00000011) for __rt_final_exit
    entry.o(.ARM.Collect$$$$00000000) refers (Special) to entry12b.o(.ARM.Collect$$$$0000000E) for __rt_lib_shutdown_fini
    entry.o(.ARM.Collect$$$$00000000) refers (Special) to entry7b.o(.ARM.Collect$$$$00000008) for _main_clock
    entry.o(.ARM.Collect$$$$00000000) refers (Special) to entry8b.o(.ARM.Collect$$$$0000000A) for _main_cpp_init
    entry.o(.ARM.Collect$$$$00000000) refers (Special) to entry9a.o(.ARM.Collect$$$$0000000B) for _main_init
    entry.o(.ARM.Collect$$$$00000000) refers (Special) to entry5.o(.ARM.Collect$$$$00000004) for _main_scatterload
    entry.o(.ARM.Collect$$$$00000000) refers (Special) to entry2.o(.ARM.Collect$$$$00000001) for _main_stk
    fdiv.o(.text) refers (Special) to iusefp.o(.text) for __I$use$fp
    fdiv.o(.text) refers to fepilogue.o(.text) for _float_round
    fflti.o(.text) refers (Special) to iusefp.o(.text) for __I$use$fp
    fflti.o(.text) refers to fepilogue.o(.text) for _float_epilogue
    f2d.o(.text) refers (Special) to iusefp.o(.text) for __I$use$fp
    cdrcmple.o(.text) refers (Special) to iusefp.o(.text) for __I$use$fp
    fpclassifyf.o(i.__ARM_fpclassifyf) refers (Special) to iusefp.o(.text) for __I$use$fp
    funder.o(i.__mathlib_flt_divzero) refers to fdiv.o(.text) for __aeabi_fdiv
    funder.o(i.__mathlib_flt_infnan) refers to fscalb.o(.text) for __ARM_scalbnf
    funder.o(i.__mathlib_flt_infnan2) refers to fadd.o(.text) for __aeabi_fadd
    funder.o(i.__mathlib_flt_invalid) refers to fdiv.o(.text) for __aeabi_fdiv
    funder.o(i.__mathlib_flt_overflow) refers to fscalb.o(.text) for __ARM_scalbnf
    funder.o(i.__mathlib_flt_posinfnan) refers to fmul.o(.text) for __aeabi_fmul
    funder.o(i.__mathlib_flt_underflow) refers to fscalb.o(.text) for __ARM_scalbnf
    entry2.o(.ARM.Collect$$$$00000001) refers to entry2.o(.ARM.Collect$$$$00002712) for __lit__00000000
    entry2.o(.ARM.Collect$$$$00002712) refers to startup_stm32f10x_md.o(STACK) for __initial_sp
    entry2.o(__vectab_stack_and_reset_area) refers to startup_stm32f10x_md.o(STACK) for __initial_sp
    entry2.o(__vectab_stack_and_reset_area) refers to entry.o(.ARM.Collect$$$$00000000) for __main
    entry5.o(.ARM.Collect$$$$00000004) refers to init.o(.text) for __scatterload
    entry9a.o(.ARM.Collect$$$$0000000B) refers to main.o(i.main) for main
    entry9b.o(.ARM.Collect$$$$0000000C) refers to main.o(i.main) for main
    fadd.o(.text) refers to fepilogue.o(.text) for _float_epilogue
    init.o(.text) refers to entry5.o(.ARM.Collect$$$$00000004) for __main_after_scatterload


==============================================================================

Removing Unused input sections from the image.

    Removing main.o(.rev16_text), (4 bytes).
    Removing main.o(.revsh_text), (4 bytes).
    Removing main.o(.rrx_text), (6 bytes).
    Removing mytimer.o(.rev16_text), (4 bytes).
    Removing mytimer.o(.revsh_text), (4 bytes).
    Removing mytimer.o(.rrx_text), (6 bytes).
    Removing mytimer.o(i.MyTimer_ActiveIT), (148 bytes).
    Removing mytimer.o(i.__NVIC_EnableIRQ), (34 bytes).
    Removing mytimer.o(i.__NVIC_SetPriority), (40 bytes).
    Removing myadc.o(.rev16_text), (4 bytes).
    Removing myadc.o(.revsh_text), (4 bytes).
    Removing myadc.o(.rrx_text), (6 bytes).
    Removing myadc.o(i.MyADC_Active_IT), (104 bytes).
    Removing myadc.o(i.MyADC_Read_DR), (6 bytes).
    Removing myadc.o(i.MyADC_SingleCont), (16 bytes).
    Removing myadc.o(i.MyADC_SingleNotCont), (16 bytes).
    Removing bordage.o(.rev16_text), (4 bytes).
    Removing bordage.o(.revsh_text), (4 bytes).
    Removing bordage.o(.rrx_text), (6 bytes).
    Removing driver_gpio.o(.rev16_text), (4 bytes).
    Removing driver_gpio.o(.revsh_text), (4 bytes).
    Removing driver_gpio.o(.rrx_text), (6 bytes).
    Removing driver_gpio.o(i.MyGPIO_Read), (12 bytes).
    Removing driver_gpio.o(i.MyGPIO_Toggle), (12 bytes).
    Removing antichavirement.o(.rev16_text), (4 bytes).
    Removing antichavirement.o(.revsh_text), (4 bytes).
    Removing antichavirement.o(.rrx_text), (6 bytes).
    Removing cap.o(.rev16_text), (4 bytes).
    Removing cap.o(.revsh_text), (4 bytes).
    Removing cap.o(.rrx_text), (6 bytes).
    Removing transmission.o(.rev16_text), (4 bytes).
    Removing transmission.o(.revsh_text), (4 bytes).
    Removing transmission.o(.rrx_text), (6 bytes).
    Removing transmission.o(i.lecture_batterie), (44 bytes).
    Removing usart.o(.rev16_text), (4 bytes).
    Removing usart.o(.revsh_text), (4 bytes).
    Removing usart.o(.rrx_text), (6 bytes).
    Removing usart.o(i.Active_IT), (112 bytes).
    Removing usart.o(i.__NVIC_EnableIRQ), (34 bytes).
    Removing usart.o(i.__NVIC_SetPriority), (40 bytes).
    Removing systick.o(.rev16_text), (4 bytes).
    Removing systick.o(.revsh_text), (4 bytes).
    Removing systick.o(.rrx_text), (6 bytes).
    Removing startup_stm32f10x_md.o(HEAP), (512 bytes).
    Removing system_stm32f10x.o(.rev16_text), (4 bytes).
    Removing system_stm32f10x.o(.revsh_text), (4 bytes).
    Removing system_stm32f10x.o(.rrx_text), (6 bytes).
    Removing system_stm32f10x.o(i.SystemCoreClockUpdate), (164 bytes).
    Removing system_stm32f10x.o(.data), (20 bytes).
    Removing myspi.o(.rev16_text), (4 bytes).
    Removing myspi.o(.revsh_text), (4 bytes).
    Removing myspi.o(.rrx_text), (6 bytes).

52 unused section(s) (total 1482 bytes) removed from the image.

==============================================================================

Image Symbol Table

    Local Symbols

    Symbol Name                              Value     Ov Type        Size  Object(Section)

    ../clib/microlib/init/entry.s            0x00000000   Number         0  entry7a.o ABSOLUTE
    ../clib/microlib/init/entry.s            0x00000000   Number         0  entry12b.o ABSOLUTE
    ../clib/microlib/init/entry.s            0x00000000   Number         0  entry12a.o ABSOLUTE
    ../clib/microlib/init/entry.s            0x00000000   Number         0  entry5.o ABSOLUTE
    ../clib/microlib/init/entry.s            0x00000000   Number         0  entry8b.o ABSOLUTE
    ../clib/microlib/init/entry.s            0x00000000   Number         0  entry2.o ABSOLUTE
    ../clib/microlib/init/entry.s            0x00000000   Number         0  entry.o ABSOLUTE
    ../clib/microlib/init/entry.s            0x00000000   Number         0  entry9b.o ABSOLUTE
    ../clib/microlib/init/entry.s            0x00000000   Number         0  entry10a.o ABSOLUTE
    ../clib/microlib/init/entry.s            0x00000000   Number         0  entry7b.o ABSOLUTE
    ../clib/microlib/init/entry.s            0x00000000   Number         0  entry10b.o ABSOLUTE
    ../clib/microlib/init/entry.s            0x00000000   Number         0  entry11a.o ABSOLUTE
    ../clib/microlib/init/entry.s            0x00000000   Number         0  entry11b.o ABSOLUTE
    ../clib/microlib/init/entry.s            0x00000000   Number         0  entry9a.o ABSOLUTE
    ../clib/microlib/init/entry.s            0x00000000   Number         0  entry8a.o ABSOLUTE
    ../clib/microlib/stubs.s                 0x00000000   Number         0  iusefp.o ABSOLUTE
    ../fplib/microlib/f2d.c                  0x00000000   Number         0  f2d.o ABSOLUTE
    ../fplib/microlib/fpadd.c                0x00000000   Number         0  fadd.o ABSOLUTE
    ../fplib/microlib/fpdiv.c                0x00000000   Number         0  fdiv.o ABSOLUTE
    ../fplib/microlib/fpepilogue.c           0x00000000   Number         0  fepilogue.o ABSOLUTE
    ../fplib/microlib/fpflt.c                0x00000000   Number         0  fflti.o ABSOLUTE
    ../fplib/microlib/fpmul.c                0x00000000   Number         0  fmul.o ABSOLUTE
    ../fplib/microlib/fpscalb.c              0x00000000   Number         0  fscalb.o ABSOLUTE
    ../mathlib/atanf.c                       0x00000000   Number         0  atanf_x.o ABSOLUTE
    ../mathlib/atanf.c                       0x00000000   Number         0  atanf.o ABSOLUTE
    ../mathlib/fpclassifyf.c                 0x00000000   Number         0  fpclassifyf.o ABSOLUTE
    ../mathlib/funder.c                      0x00000000   Number         0  funder.o ABSOLUTE
    MesDrivers\Driver_GPIO.c                 0x00000000   Number         0  driver_gpio.o ABSOLUTE
    MesDrivers\MyADC.c                       0x00000000   Number         0  myadc.o ABSOLUTE
    MesDrivers\MyTimer.c                     0x00000000   Number         0  mytimer.o ABSOLUTE
    MesDrivers\USART.c                       0x00000000   Number         0  usart.o ABSOLUTE
    MesDrivers\\Driver_GPIO.c                0x00000000   Number         0  driver_gpio.o ABSOLUTE
    MesDrivers\\MyADC.c                      0x00000000   Number         0  myadc.o ABSOLUTE
    MesDrivers\\MyTimer.c                    0x00000000   Number         0  mytimer.o ABSOLUTE
    MesDrivers\\USART.c                      0x00000000   Number         0  usart.o ABSOLUTE
    MesDrivers\\antichavirement.c            0x00000000   Number         0  antichavirement.o ABSOLUTE
    MesDrivers\\cap.c                        0x00000000   Number         0  cap.o ABSOLUTE
    MesDrivers\\systick.c                    0x00000000   Number         0  systick.o ABSOLUTE
    MesDrivers\\transmission.c               0x00000000   Number         0  transmission.o ABSOLUTE
    MesDrivers\antichavirement.c             0x00000000   Number         0  antichavirement.o ABSOLUTE
    MesDrivers\cap.c                         0x00000000   Number         0  cap.o ABSOLUTE
    MesDrivers\systick.c                     0x00000000   Number         0  systick.o ABSOLUTE
    MesDrivers\transmission.c                0x00000000   Number         0  transmission.o ABSOLUTE
    MesSources\\bordage.c                    0x00000000   Number         0  bordage.o ABSOLUTE
    MesSources\\main.c                       0x00000000   Number         0  main.o ABSOLUTE
    MesSources\bordage.c                     0x00000000   Number         0  bordage.o ABSOLUTE
    MesSources\main.c                        0x00000000   Number         0  main.o ABSOLUTE
    MyDrivers\MySPI.c                        0x00000000   Number         0  myspi.o ABSOLUTE
    MyDrivers\\MySPI.c                       0x00000000   Number         0  myspi.o ABSOLUTE
    RTE\Device\STM32F103RB\startup_stm32f10x_md.s 0x00000000   Number         0  startup_stm32f10x_md.o ABSOLUTE
    RTE\Device\STM32F103RB\system_stm32f10x.c 0x00000000   Number         0  system_stm32f10x.o ABSOLUTE
    RTE\\Device\\STM32F103RB\\system_stm32f10x.c 0x00000000   Number         0  system_stm32f10x.o ABSOLUTE
    cdrcmple.s                               0x00000000   Number         0  cdrcmple.o ABSOLUTE
    dc.s                                     0x00000000   Number         0  dc.o ABSOLUTE
    handlers.s                               0x00000000   Number         0  handlers.o ABSOLUTE
    init.s                                   0x00000000   Number         0  init.o ABSOLUTE
    RESET                                    0x08000000   Section      236  startup_stm32f10x_md.o(RESET)
    .ARM.Collect$$$$00000000                 0x080000ec   Section        0  entry.o(.ARM.Collect$$$$00000000)
    .ARM.Collect$$$$00000001                 0x080000ec   Section        4  entry2.o(.ARM.Collect$$$$00000001)
    .ARM.Collect$$$$00000004                 0x080000f0   Section        4  entry5.o(.ARM.Collect$$$$00000004)
    .ARM.Collect$$$$00000008                 0x080000f4   Section        0  entry7b.o(.ARM.Collect$$$$00000008)
    .ARM.Collect$$$$0000000A                 0x080000f4   Section        0  entry8b.o(.ARM.Collect$$$$0000000A)
    .ARM.Collect$$$$0000000B                 0x080000f4   Section        8  entry9a.o(.ARM.Collect$$$$0000000B)
    .ARM.Collect$$$$0000000E                 0x080000fc   Section        4  entry12b.o(.ARM.Collect$$$$0000000E)
    .ARM.Collect$$$$0000000F                 0x08000100   Section        0  entry10a.o(.ARM.Collect$$$$0000000F)
    .ARM.Collect$$$$00000011                 0x08000100   Section        0  entry11a.o(.ARM.Collect$$$$00000011)
    .ARM.Collect$$$$00002712                 0x08000100   Section        4  entry2.o(.ARM.Collect$$$$00002712)
    __lit__00000000                          0x08000100   Data           4  entry2.o(.ARM.Collect$$$$00002712)
    .text                                    0x08000104   Section       36  startup_stm32f10x_md.o(.text)
    .text                                    0x08000128   Section        0  fdiv.o(.text)
    .text                                    0x080001a4   Section        0  fflti.o(.text)
    .text                                    0x080001b6   Section        0  f2d.o(.text)
    .text                                    0x080001dc   Section       48  cdrcmple.o(.text)
    .text                                    0x0800020c   Section        0  iusefp.o(.text)
    .text                                    0x0800020c   Section        0  fepilogue.o(.text)
    .text                                    0x0800027a   Section        0  fadd.o(.text)
    .text                                    0x0800032a   Section        0  fmul.o(.text)
    .text                                    0x08000390   Section       36  init.o(.text)
    .text                                    0x080003b4   Section        0  fscalb.o(.text)
    i.ADC1_2_IRQHandler                      0x080003cc   Section        0  myadc.o(i.ADC1_2_IRQHandler)
    i.ADXL_Init                              0x080003e0   Section        0  antichavirement.o(i.ADXL_Init)
    i.Conf                                   0x0800042c   Section        0  usart.o(i.Conf)
    i.Conf_Emission                          0x080004a4   Section        0  usart.o(i.Conf_Emission)
    i.Conf_Reception                         0x080004b6   Section        0  usart.o(i.Conf_Reception)
    i.MyADC_Start                            0x080004c8   Section        0  myadc.o(i.MyADC_Start)
    i.MyGPIO_Init                            0x0800050c   Section        0  driver_gpio.o(i.MyGPIO_Init)
    i.MyGPIO_Reset                           0x080005d4   Section        0  driver_gpio.o(i.MyGPIO_Reset)
    i.MyGPIO_Set                             0x080005dc   Section        0  driver_gpio.o(i.MyGPIO_Set)
    i.MySPI_Clear_NSS                        0x080005e4   Section        0  myspi.o(i.MySPI_Clear_NSS)
    i.MySPI_Init                             0x08000614   Section        0  myspi.o(i.MySPI_Init)
    i.MySPI_Read                             0x08000808   Section        0  myspi.o(i.MySPI_Read)
    i.MySPI_Send                             0x0800085c   Section        0  myspi.o(i.MySPI_Send)
    i.MySPI_Set_NSS                          0x080008ac   Section        0  myspi.o(i.MySPI_Set_NSS)
    i.MyTimer_Base_Init                      0x080008d8   Section        0  mytimer.o(i.MyTimer_Base_Init)
    i.MyTimer_PWM                            0x0800094c   Section        0  mytimer.o(i.MyTimer_PWM)
    i.Rotation                               0x080009f4   Section        0  cap.o(i.Rotation)
    i.SetSysClock                            0x08000a28   Section        0  system_stm32f10x.o(i.SetSysClock)
    SetSysClock                              0x08000a29   Thumb Code     8  system_stm32f10x.o(i.SetSysClock)
    i.SetSysClockTo72                        0x08000a30   Section        0  system_stm32f10x.o(i.SetSysClockTo72)
    SetSysClockTo72                          0x08000a31   Thumb Code   214  system_stm32f10x.o(i.SetSysClockTo72)
    i.SysTick_Handler                        0x08000b10   Section        0  systick.o(i.SysTick_Handler)
    i.SystemInit                             0x08000b20   Section        0  system_stm32f10x.o(i.SystemInit)
    i.Systick_ActiveIT                       0x08000b80   Section        0  systick.o(i.Systick_ActiveIT)
    i.TIM1_UP_IRQHandler                     0x08000b8c   Section        0  mytimer.o(i.TIM1_UP_IRQHandler)
    i.TIM2_IRQHandler                        0x08000ba0   Section        0  mytimer.o(i.TIM2_IRQHandler)
    i.TIM3_IRQHandler                        0x08000bb4   Section        0  mytimer.o(i.TIM3_IRQHandler)
    i.TIM4_IRQHandler                        0x08000bc8   Section        0  mytimer.o(i.TIM4_IRQHandler)
    i.USART1_IRQHandler                      0x08000bdc   Section        0  usart.o(i.USART1_IRQHandler)
    i.USART2_IRQHandler                      0x08000bf0   Section        0  usart.o(i.USART2_IRQHandler)
    i.USART3_IRQHandler                      0x08000c04   Section        0  usart.o(i.USART3_IRQHandler)
    i.USART_Transmit_String                  0x08000c18   Section        0  transmission.o(i.USART_Transmit_String)
    i.__ARM_fpclassifyf                      0x08000c32   Section        0  fpclassifyf.o(i.__ARM_fpclassifyf)
    i.__mathlib_flt_infnan                   0x08000c58   Section        0  funder.o(i.__mathlib_flt_infnan)
    i.__mathlib_flt_underflow                0x08000c5e   Section        0  funder.o(i.__mathlib_flt_underflow)
    i.__scatterload_copy                     0x08000c68   Section       14  handlers.o(i.__scatterload_copy)
    i.__scatterload_null                     0x08000c76   Section        2  handlers.o(i.__scatterload_null)
    i.__scatterload_zeroinit                 0x08000c78   Section       14  handlers.o(i.__scatterload_zeroinit)
    i.antichavirement                        0x08000c88   Section        0  antichavirement.o(i.antichavirement)
    i.atanf                                  0x08000cc0   Section        0  atanf.o(i.atanf)
    i.bordage_voiles                         0x08000e3c   Section        0  bordage.o(i.bordage_voiles)
    i.decodeur                               0x08000ecc   Section        0  bordage.o(i.decodeur)
    i.envoi_data                             0x08000ef4   Section        0  usart.o(i.envoi_data)
    i.envoi_info                             0x08000f04   Section        0  transmission.o(i.envoi_info)
    i.get_roulis                             0x08000f14   Section        0  antichavirement.o(i.get_roulis)
    i.init_antichav                          0x08000fa4   Section        0  antichavirement.o(i.init_antichav)
    i.init_bordage                           0x08000ffc   Section        0  bordage.o(i.init_bordage)
    i.init_cap                               0x08001054   Section        0  cap.o(i.init_cap)
    i.init_girouette                         0x080010c0   Section        0  bordage.o(i.init_girouette)
    i.init_transmission                      0x080011b0   Section        0  transmission.o(i.init_transmission)
    i.main                                   0x08001220   Section        0  main.o(i.main)
    i.reception_data                         0x08001270   Section        0  usart.o(i.reception_data)
    i.set_duty_cycle                         0x08001278   Section        0  mytimer.o(i.set_duty_cycle)
    i.systick_IT                             0x080012c8   Section        0  main.o(i.systick_IT)
    i.systick_Init                           0x08001350   Section        0  systick.o(i.systick_Init)
    .data                                    0x20000000   Section        5  main.o(.data)
    .data                                    0x20000008   Section       16  mytimer.o(.data)
    .data                                    0x20000018   Section        4  myadc.o(.data)
    .data                                    0x2000001c   Section       44  bordage.o(.data)
    .data                                    0x20000048   Section        1  driver_gpio.o(.data)
    .data                                    0x2000004c   Section       36  antichavirement.o(.data)
    .data                                    0x20000070   Section       24  cap.o(.data)
    .data                                    0x20000088   Section       24  transmission.o(.data)
    .data                                    0x200000a0   Section       12  usart.o(.data)
    .data                                    0x200000ac   Section        8  systick.o(.data)
    .data                                    0x200000b4   Section        4  myspi.o(.data)
    STACK                                    0x200000b8   Section     1024  startup_stm32f10x_md.o(STACK)

    Global Symbols

    Symbol Name                              Value     Ov Type        Size  Object(Section)

    BuildAttributes$$THM_ISAv4$P$D$K$B$S$PE$A:L22UL41UL21$X:L11$S22US41US21$IEEE1$IW$USESV6$~STKCKD$USESV7$~SHL$OTIME$ROPI$IEEEX$EBA8$MICROLIB$REQ8$PRES8$EABIv2 0x00000000   Number         0  anon$$obj.o ABSOLUTE
    __ARM_use_no_argv                        0x00000000   Number         0  main.o ABSOLUTE
    __arm_fini_                               - Undefined Weak Reference
    __cpp_initialize__aeabi_                  - Undefined Weak Reference
    __cxa_finalize                            - Undefined Weak Reference
    __decompress                              - Undefined Weak Reference
    _clock_init                               - Undefined Weak Reference
    _microlib_exit                            - Undefined Weak Reference
    __Vectors_Size                           0x000000ec   Number         0  startup_stm32f10x_md.o ABSOLUTE
    __Vectors                                0x08000000   Data           4  startup_stm32f10x_md.o(RESET)
    __Vectors_End                            0x080000ec   Data           0  startup_stm32f10x_md.o(RESET)
    __main                                   0x080000ed   Thumb Code     0  entry.o(.ARM.Collect$$$$00000000)
    _main_stk                                0x080000ed   Thumb Code     0  entry2.o(.ARM.Collect$$$$00000001)
    _main_scatterload                        0x080000f1   Thumb Code     0  entry5.o(.ARM.Collect$$$$00000004)
    __main_after_scatterload                 0x080000f5   Thumb Code     0  entry5.o(.ARM.Collect$$$$00000004)
    _main_clock                              0x080000f5   Thumb Code     0  entry7b.o(.ARM.Collect$$$$00000008)
    _main_cpp_init                           0x080000f5   Thumb Code     0  entry8b.o(.ARM.Collect$$$$0000000A)
    _main_init                               0x080000f5   Thumb Code     0  entry9a.o(.ARM.Collect$$$$0000000B)
    __rt_lib_shutdown_fini                   0x080000fd   Thumb Code     0  entry12b.o(.ARM.Collect$$$$0000000E)
    __rt_final_cpp                           0x08000101   Thumb Code     0  entry10a.o(.ARM.Collect$$$$0000000F)
    __rt_final_exit                          0x08000101   Thumb Code     0  entry11a.o(.ARM.Collect$$$$00000011)
    Reset_Handler                            0x08000105   Thumb Code     8  startup_stm32f10x_md.o(.text)
    NMI_Handler                              0x0800010d   Thumb Code     2  startup_stm32f10x_md.o(.text)
    HardFault_Handler                        0x0800010f   Thumb Code     2  startup_stm32f10x_md.o(.text)
    MemManage_Handler                        0x08000111   Thumb Code     2  startup_stm32f10x_md.o(.text)
    BusFault_Handler                         0x08000113   Thumb Code     2  startup_stm32f10x_md.o(.text)
    UsageFault_Handler                       0x08000115   Thumb Code     2  startup_stm32f10x_md.o(.text)
    SVC_Handler                              0x08000117   Thumb Code     2  startup_stm32f10x_md.o(.text)
    DebugMon_Handler                         0x08000119   Thumb Code     2  startup_stm32f10x_md.o(.text)
    PendSV_Handler                           0x0800011b   Thumb Code     2  startup_stm32f10x_md.o(.text)
    CAN1_RX1_IRQHandler                      0x0800011f   Thumb Code     0  startup_stm32f10x_md.o(.text)
    CAN1_SCE_IRQHandler                      0x0800011f   Thumb Code     0  startup_stm32f10x_md.o(.text)
    DMA1_Channel1_IRQHandler                 0x0800011f   Thumb Code     0  startup_stm32f10x_md.o(.text)
    DMA1_Channel2_IRQHandler                 0x0800011f   Thumb Code     0  startup_stm32f10x_md.o(.text)
    DMA1_Channel3_IRQHandler                 0x0800011f   Thumb Code     0  startup_stm32f10x_md.o(.text)
    DMA1_Channel4_IRQHandler                 0x0800011f   Thumb Code     0  startup_stm32f10x_md.o(.text)
    DMA1_Channel5_IRQHandler                 0x0800011f   Thumb Code     0  startup_stm32f10x_md.o(.text)
    DMA1_Channel6_IRQHandler                 0x0800011f   Thumb Code     0  startup_stm32f10x_md.o(.text)
    DMA1_Channel7_IRQHandler                 0x0800011f   Thumb Code     0  startup_stm32f10x_md.o(.text)
    EXTI0_IRQHandler                         0x0800011f   Thumb Code     0  startup_stm32f10x_md.o(.text)
    EXTI15_10_IRQHandler                     0x0800011f   Thumb Code     0  startup_stm32f10x_md.o(.text)
    EXTI1_IRQHandler                         0x0800011f   Thumb Code     0  startup_stm32f10x_md.o(.text)
    EXTI2_IRQHandler                         0x0800011f   Thumb Code     0  startup_stm32f10x_md.o(.text)
    EXTI3_IRQHandler                         0x0800011f   Thumb Code     0  startup_stm32f10x_md.o(.text)
    EXTI4_IRQHandler                         0x0800011f   Thumb Code     0  startup_stm32f10x_md.o(.text)
    EXTI9_5_IRQHandler                       0x0800011f   Thumb Code     0  startup_stm32f10x_md.o(.text)
    FLASH_IRQHandler                         0x0800011f   Thumb Code     0  startup_stm32f10x_md.o(.text)
    I2C1_ER_IRQHandler                       0x0800011f   Thumb Code     0  startup_stm32f10x_md.o(.text)
    I2C1_EV_IRQHandler                       0x0800011f   Thumb Code     0  startup_stm32f10x_md.o(.text)
    I2C2_ER_IRQHandler                       0x0800011f   Thumb Code     0  startup_stm32f10x_md.o(.text)
    I2C2_EV_IRQHandler                       0x0800011f   Thumb Code     0  startup_stm32f10x_md.o(.text)
    PVD_IRQHandler                           0x0800011f   Thumb Code     0  startup_stm32f10x_md.o(.text)
    RCC_IRQHandler                           0x0800011f   Thumb Code     0  startup_stm32f10x_md.o(.text)
    RTCAlarm_IRQHandler                      0x0800011f   Thumb Code     0  startup_stm32f10x_md.o(.text)
    RTC_IRQHandler                           0x0800011f   Thumb Code     0  startup_stm32f10x_md.o(.text)
    SPI1_IRQHandler                          0x0800011f   Thumb Code     0  startup_stm32f10x_md.o(.text)
    SPI2_IRQHandler                          0x0800011f   Thumb Code     0  startup_stm32f10x_md.o(.text)
    TAMPER_IRQHandler                        0x0800011f   Thumb Code     0  startup_stm32f10x_md.o(.text)
    TIM1_BRK_IRQHandler                      0x0800011f   Thumb Code     0  startup_stm32f10x_md.o(.text)
    TIM1_CC_IRQHandler                       0x0800011f   Thumb Code     0  startup_stm32f10x_md.o(.text)
    TIM1_TRG_COM_IRQHandler                  0x0800011f   Thumb Code     0  startup_stm32f10x_md.o(.text)
    USBWakeUp_IRQHandler                     0x0800011f   Thumb Code     0  startup_stm32f10x_md.o(.text)
    USB_HP_CAN1_TX_IRQHandler                0x0800011f   Thumb Code     0  startup_stm32f10x_md.o(.text)
    USB_LP_CAN1_RX0_IRQHandler               0x0800011f   Thumb Code     0  startup_stm32f10x_md.o(.text)
    WWDG_IRQHandler                          0x0800011f   Thumb Code     0  startup_stm32f10x_md.o(.text)
    __aeabi_fdiv                             0x08000129   Thumb Code   124  fdiv.o(.text)
    __aeabi_i2f                              0x080001a5   Thumb Code    18  fflti.o(.text)
    __aeabi_f2d                              0x080001b7   Thumb Code    38  f2d.o(.text)
    __aeabi_cdrcmple                         0x080001dd   Thumb Code    48  cdrcmple.o(.text)
    __I$use$fp                               0x0800020d   Thumb Code     0  iusefp.o(.text)
    _float_round                             0x0800020d   Thumb Code    18  fepilogue.o(.text)
    _float_epilogue                          0x0800021f   Thumb Code    92  fepilogue.o(.text)
    __aeabi_fadd                             0x0800027b   Thumb Code   164  fadd.o(.text)
    __aeabi_fsub                             0x0800031f   Thumb Code     6  fadd.o(.text)
    __aeabi_frsub                            0x08000325   Thumb Code     6  fadd.o(.text)
    __aeabi_fmul                             0x0800032b   Thumb Code   100  fmul.o(.text)
    __scatterload                            0x08000391   Thumb Code    28  init.o(.text)
    __scatterload_rt2                        0x08000391   Thumb Code     0  init.o(.text)
    __ARM_scalbnf                            0x080003b5   Thumb Code    24  fscalb.o(.text)
    scalbnf                                  0x080003b5   Thumb Code     0  fscalb.o(.text)
    ADC1_2_IRQHandler                        0x080003cd   Thumb Code    16  myadc.o(i.ADC1_2_IRQHandler)
    ADXL_Init                                0x080003e1   Thumb Code    70  antichavirement.o(i.ADXL_Init)
    Conf                                     0x0800042d   Thumb Code   102  usart.o(i.Conf)
    Conf_Emission                            0x080004a5   Thumb Code    18  usart.o(i.Conf_Emission)
    Conf_Reception                           0x080004b7   Thumb Code    18  usart.o(i.Conf_Reception)
    MyADC_Start                              0x080004c9   Thumb Code    58  myadc.o(i.MyADC_Start)
    MyGPIO_Init                              0x0800050d   Thumb Code   192  driver_gpio.o(i.MyGPIO_Init)
    MyGPIO_Reset                             0x080005d5   Thumb Code     8  driver_gpio.o(i.MyGPIO_Reset)
    MyGPIO_Set                               0x080005dd   Thumb Code     8  driver_gpio.o(i.MyGPIO_Set)
    MySPI_Clear_NSS                          0x080005e5   Thumb Code    30  myspi.o(i.MySPI_Clear_NSS)
    MySPI_Init                               0x08000615   Thumb Code   480  myspi.o(i.MySPI_Init)
    MySPI_Read                               0x08000809   Thumb Code    70  myspi.o(i.MySPI_Read)
    MySPI_Send                               0x0800085d   Thumb Code    68  myspi.o(i.MySPI_Send)
    MySPI_Set_NSS                            0x080008ad   Thumb Code    28  myspi.o(i.MySPI_Set_NSS)
    MyTimer_Base_Init                        0x080008d9   Thumb Code   100  mytimer.o(i.MyTimer_Base_Init)
    MyTimer_PWM                              0x0800094d   Thumb Code   164  mytimer.o(i.MyTimer_PWM)
    Rotation                                 0x080009f5   Thumb Code    42  cap.o(i.Rotation)
    SysTick_Handler                          0x08000b11   Thumb Code    10  systick.o(i.SysTick_Handler)
    SystemInit                               0x08000b21   Thumb Code    78  system_stm32f10x.o(i.SystemInit)
    Systick_ActiveIT                         0x08000b81   Thumb Code     6  systick.o(i.Systick_ActiveIT)
    TIM1_UP_IRQHandler                       0x08000b8d   Thumb Code    16  mytimer.o(i.TIM1_UP_IRQHandler)
    TIM2_IRQHandler                          0x08000ba1   Thumb Code    16  mytimer.o(i.TIM2_IRQHandler)
    TIM3_IRQHandler                          0x08000bb5   Thumb Code    16  mytimer.o(i.TIM3_IRQHandler)
    TIM4_IRQHandler                          0x08000bc9   Thumb Code    16  mytimer.o(i.TIM4_IRQHandler)
    USART1_IRQHandler                        0x08000bdd   Thumb Code    16  usart.o(i.USART1_IRQHandler)
    USART2_IRQHandler                        0x08000bf1   Thumb Code    16  usart.o(i.USART2_IRQHandler)
    USART3_IRQHandler                        0x08000c05   Thumb Code    16  usart.o(i.USART3_IRQHandler)
    USART_Transmit_String                    0x08000c19   Thumb Code    26  transmission.o(i.USART_Transmit_String)
    __ARM_fpclassifyf                        0x08000c33   Thumb Code    38  fpclassifyf.o(i.__ARM_fpclassifyf)
    __mathlib_flt_infnan                     0x08000c59   Thumb Code     6  funder.o(i.__mathlib_flt_infnan)
    __mathlib_flt_underflow                  0x08000c5f   Thumb Code    10  funder.o(i.__mathlib_flt_underflow)
    __scatterload_copy                       0x08000c69   Thumb Code    14  handlers.o(i.__scatterload_copy)
    __scatterload_null                       0x08000c77   Thumb Code     2  handlers.o(i.__scatterload_null)
    __scatterload_zeroinit                   0x08000c79   Thumb Code    14  handlers.o(i.__scatterload_zeroinit)
    antichavirement                          0x08000c89   Thumb Code    44  antichavirement.o(i.antichavirement)
    atanf                                    0x08000cc1   Thumb Code   324  atanf.o(i.atanf)
    bordage_voiles                           0x08000e3d   Thumb Code   138  bordage.o(i.bordage_voiles)
    decodeur                                 0x08000ecd   Thumb Code    36  bordage.o(i.decodeur)
    envoi_data                               0x08000ef5   Thumb Code    16  usart.o(i.envoi_data)
    envoi_info                               0x08000f05   Thumb Code    16  transmission.o(i.envoi_info)
    get_roulis                               0x08000f15   Thumb Code   114  antichavirement.o(i.get_roulis)
    init_antichav                            0x08000fa5   Thumb Code    74  antichavirement.o(i.init_antichav)
    init_bordage                             0x08000ffd   Thumb Code    74  bordage.o(i.init_bordage)
    init_cap                                 0x08001055   Thumb Code    86  cap.o(i.init_cap)
    init_girouette                           0x080010c1   Thumb Code   212  bordage.o(i.init_girouette)
    init_transmission                        0x080011b1   Thumb Code    88  transmission.o(i.init_transmission)
    main                                     0x08001221   Thumb Code    68  main.o(i.main)
    reception_data                           0x08001271   Thumb Code     8  usart.o(i.reception_data)
    set_duty_cycle                           0x08001279   Thumb Code    78  mytimer.o(i.set_duty_cycle)
    systick_IT                               0x080012c9   Thumb Code    94  main.o(i.systick_IT)
    systick_Init                             0x08001351   Thumb Code   144  systick.o(i.systick_Init)
    Region$$Table$$Base                      0x080013ec   Number         0  anon$$obj.o(Region$$Table)
    Region$$Table$$Limit                     0x0800140c   Number         0  anon$$obj.o(Region$$Table)
    dec                                      0x20000000   Data           4  main.o(.data)
    envoi                                    0x20000004   Data           1  main.o(.data)
    pFnc1                                    0x20000008   Data           4  mytimer.o(.data)
    pFnc2                                    0x2000000c   Data           4  mytimer.o(.data)
    pFnc3                                    0x20000010   Data           4  mytimer.o(.data)
    pFnc4                                    0x20000014   Data           4  mytimer.o(.data)
    pFunc1                                   0x20000018   Data           4  myadc.o(.data)
    Timer_bordage                            0x2000001c   Data           8  bordage.o(.data)
    GPIO_bordage                             0x20000024   Data           8  bordage.o(.data)
    Timer_girouette                          0x2000002c   Data           4  bordage.o(.data)
    GPIO_girouette_A                         0x20000030   Data           8  bordage.o(.data)
    GPIO_girouette_B                         0x20000038   Data           8  bordage.o(.data)
    GPIO_girouette_index                     0x20000040   Data           8  bordage.o(.data)
    Config                                   0x20000048   Data           1  driver_gpio.o(.data)
    Timer_servo                              0x2000004c   Data           8  antichavirement.o(.data)
    GPIO_servo                               0x20000054   Data           8  antichavirement.o(.data)
    Z0                                       0x2000005c   Data           1  antichavirement.o(.data)
    Z1                                       0x2000005d   Data           1  antichavirement.o(.data)
    Y0                                       0x2000005e   Data           1  antichavirement.o(.data)
    Y1                                       0x2000005f   Data           1  antichavirement.o(.data)
    Z                                        0x20000060   Data           4  antichavirement.o(.data)
    Y                                        0x20000064   Data           4  antichavirement.o(.data)
    aux                                      0x20000068   Data           4  antichavirement.o(.data)
    roulis                                   0x2000006c   Data           4  antichavirement.o(.data)
    Out                                      0x20000070   Data           8  cap.o(.data)
    OutPWM                                   0x20000078   Data           8  cap.o(.data)
    TIMER                                    0x20000080   Data           8  cap.o(.data)
    UTX                                      0x20000088   Data           8  transmission.o(.data)
    URX                                      0x20000090   Data           8  transmission.o(.data)
    AD                                       0x20000098   Data           8  transmission.o(.data)
    pFnc1_1                                  0x200000a0   Data           4  usart.o(.data)
    pFnc2_2                                  0x200000a4   Data           4  usart.o(.data)
    pFnc3_3                                  0x200000a8   Data           4  usart.o(.data)
    compteursystick                          0x200000ac   Data           4  systick.o(.data)
    handler_systick_ptr                      0x200000b0   Data           4  systick.o(.data)
    ActiveSPI                                0x200000b4   Data           4  myspi.o(.data)
    __initial_sp                             0x200004b8   Data           0  startup_stm32f10x_md.o(STACK)



==============================================================================

Memory Map of the image

  Image Entry point : 0x08000105

  Load Region LR_1 (Base: 0x08000000, Size: 0x000014c4, Max: 0xffffffff, ABSOLUTE)

    Execution Region ER_RO (Exec base: 0x08000000, Load base: 0x08000000, Size: 0x0000140c, Max: 0xffffffff, ABSOLUTE)

    Exec Addr    Load Addr    Size         Type   Attr      Idx    E Section Name        Object

    0x08000000   0x08000000   0x000000ec   Data   RO          611    RESET               startup_stm32f10x_md.o
    0x080000ec   0x080000ec   0x00000000   Code   RO          687  * .ARM.Collect$$$$00000000  mc_w.l(entry.o)
    0x080000ec   0x080000ec   0x00000004   Code   RO          714    .ARM.Collect$$$$00000001  mc_w.l(entry2.o)
    0x080000f0   0x080000f0   0x00000004   Code   RO          717    .ARM.Collect$$$$00000004  mc_w.l(entry5.o)
    0x080000f4   0x080000f4   0x00000000   Code   RO          719    .ARM.Collect$$$$00000008  mc_w.l(entry7b.o)
    0x080000f4   0x080000f4   0x00000000   Code   RO          721    .ARM.Collect$$$$0000000A  mc_w.l(entry8b.o)
    0x080000f4   0x080000f4   0x00000008   Code   RO          722    .ARM.Collect$$$$0000000B  mc_w.l(entry9a.o)
    0x080000fc   0x080000fc   0x00000004   Code   RO          729    .ARM.Collect$$$$0000000E  mc_w.l(entry12b.o)
    0x08000100   0x08000100   0x00000000   Code   RO          724    .ARM.Collect$$$$0000000F  mc_w.l(entry10a.o)
    0x08000100   0x08000100   0x00000000   Code   RO          726    .ARM.Collect$$$$00000011  mc_w.l(entry11a.o)
    0x08000100   0x08000100   0x00000004   Code   RO          715    .ARM.Collect$$$$00002712  mc_w.l(entry2.o)
    0x08000104   0x08000104   0x00000024   Code   RO          612  * .text               startup_stm32f10x_md.o
    0x08000128   0x08000128   0x0000007c   Code   RO          690    .text               mf_w.l(fdiv.o)
    0x080001a4   0x080001a4   0x00000012   Code   RO          692    .text               mf_w.l(fflti.o)
    0x080001b6   0x080001b6   0x00000026   Code   RO          694    .text               mf_w.l(f2d.o)
    0x080001dc   0x080001dc   0x00000030   Code   RO          696    .text               mf_w.l(cdrcmple.o)
    0x0800020c   0x0800020c   0x00000000   Code   RO          730    .text               mc_w.l(iusefp.o)
    0x0800020c   0x0800020c   0x0000006e   Code   RO          731    .text               mf_w.l(fepilogue.o)
    0x0800027a   0x0800027a   0x000000b0   Code   RO          733    .text               mf_w.l(fadd.o)
    0x0800032a   0x0800032a   0x00000064   Code   RO          735    .text               mf_w.l(fmul.o)
    0x0800038e   0x0800038e   0x00000002   PAD
    0x08000390   0x08000390   0x00000024   Code   RO          737    .text               mc_w.l(init.o)
    0x080003b4   0x080003b4   0x00000018   Code   RO          739    .text               mf_w.l(fscalb.o)
    0x080003cc   0x080003cc   0x00000014   Code   RO          184    i.ADC1_2_IRQHandler  myadc.o
    0x080003e0   0x080003e0   0x0000004c   Code   RO          347    i.ADXL_Init         antichavirement.o
    0x0800042c   0x0800042c   0x00000078   Code   RO          489    i.Conf              usart.o
    0x080004a4   0x080004a4   0x00000012   Code   RO          490    i.Conf_Emission     usart.o
    0x080004b6   0x080004b6   0x00000012   Code   RO          491    i.Conf_Reception    usart.o
    0x080004c8   0x080004c8   0x00000044   Code   RO          189    i.MyADC_Start       myadc.o
    0x0800050c   0x0800050c   0x000000c8   Code   RO          293    i.MyGPIO_Init       driver_gpio.o
    0x080005d4   0x080005d4   0x00000008   Code   RO          295    i.MyGPIO_Reset      driver_gpio.o
    0x080005dc   0x080005dc   0x00000008   Code   RO          296    i.MyGPIO_Set        driver_gpio.o
    0x080005e4   0x080005e4   0x00000030   Code   RO          665    i.MySPI_Clear_NSS   Lib_Com_Periph_2022.lib(myspi.o)
    0x08000614   0x08000614   0x000001f4   Code   RO          666    i.MySPI_Init        Lib_Com_Periph_2022.lib(myspi.o)
    0x08000808   0x08000808   0x00000054   Code   RO          667    i.MySPI_Read        Lib_Com_Periph_2022.lib(myspi.o)
    0x0800085c   0x0800085c   0x00000050   Code   RO          668    i.MySPI_Send        Lib_Com_Periph_2022.lib(myspi.o)
    0x080008ac   0x080008ac   0x0000002c   Code   RO          669    i.MySPI_Set_NSS     Lib_Com_Periph_2022.lib(myspi.o)
    0x080008d8   0x080008d8   0x00000074   Code   RO          102    i.MyTimer_Base_Init  mytimer.o
    0x0800094c   0x0800094c   0x000000a8   Code   RO          103    i.MyTimer_PWM       mytimer.o
    0x080009f4   0x080009f4   0x00000034   Code   RO          404    i.Rotation          cap.o
    0x08000a28   0x08000a28   0x00000008   Code   RO          619    i.SetSysClock       system_stm32f10x.o
    0x08000a30   0x08000a30   0x000000e0   Code   RO          620    i.SetSysClockTo72   system_stm32f10x.o
    0x08000b10   0x08000b10   0x00000010   Code   RO          573    i.SysTick_Handler   systick.o
    0x08000b20   0x08000b20   0x00000060   Code   RO          622    i.SystemInit        system_stm32f10x.o
    0x08000b80   0x08000b80   0x0000000c   Code   RO          574    i.Systick_ActiveIT  systick.o
    0x08000b8c   0x08000b8c   0x00000014   Code   RO          104    i.TIM1_UP_IRQHandler  mytimer.o
    0x08000ba0   0x08000ba0   0x00000014   Code   RO          105    i.TIM2_IRQHandler   mytimer.o
    0x08000bb4   0x08000bb4   0x00000014   Code   RO          106    i.TIM3_IRQHandler   mytimer.o
    0x08000bc8   0x08000bc8   0x00000014   Code   RO          107    i.TIM4_IRQHandler   mytimer.o
    0x08000bdc   0x08000bdc   0x00000014   Code   RO          492    i.USART1_IRQHandler  usart.o
    0x08000bf0   0x08000bf0   0x00000014   Code   RO          493    i.USART2_IRQHandler  usart.o
    0x08000c04   0x08000c04   0x00000014   Code   RO          494    i.USART3_IRQHandler  usart.o
    0x08000c18   0x08000c18   0x0000001a   Code   RO          440    i.USART_Transmit_String  transmission.o
    0x08000c32   0x08000c32   0x00000026   Code   RO          698    i.__ARM_fpclassifyf  m_ws.l(fpclassifyf.o)
    0x08000c58   0x08000c58   0x00000006   Code   RO          701    i.__mathlib_flt_infnan  m_ws.l(funder.o)
    0x08000c5e   0x08000c5e   0x0000000a   Code   RO          706    i.__mathlib_flt_underflow  m_ws.l(funder.o)
    0x08000c68   0x08000c68   0x0000000e   Code   RO          743    i.__scatterload_copy  mc_w.l(handlers.o)
    0x08000c76   0x08000c76   0x00000002   Code   RO          744    i.__scatterload_null  mc_w.l(handlers.o)
    0x08000c78   0x08000c78   0x0000000e   Code   RO          745    i.__scatterload_zeroinit  mc_w.l(handlers.o)
    0x08000c86   0x08000c86   0x00000002   PAD
    0x08000c88   0x08000c88   0x00000038   Code   RO          348    i.antichavirement   antichavirement.o
    0x08000cc0   0x08000cc0   0x0000017c   Code   RO          680    i.atanf             m_ws.l(atanf.o)
    0x08000e3c   0x08000e3c   0x00000090   Code   RO          248    i.bordage_voiles    bordage.o
    0x08000ecc   0x08000ecc   0x00000028   Code   RO          249    i.decodeur          bordage.o
    0x08000ef4   0x08000ef4   0x00000010   Code   RO          497    i.envoi_data        usart.o
    0x08000f04   0x08000f04   0x00000010   Code   RO          441    i.envoi_info        transmission.o
    0x08000f14   0x08000f14   0x00000090   Code   RO          349    i.get_roulis        antichavirement.o
    0x08000fa4   0x08000fa4   0x00000058   Code   RO          350    i.init_antichav     antichavirement.o
    0x08000ffc   0x08000ffc   0x00000058   Code   RO          250    i.init_bordage      bordage.o
    0x08001054   0x08001054   0x0000006c   Code   RO          405    i.init_cap          cap.o
    0x080010c0   0x080010c0   0x000000f0   Code   RO          251    i.init_girouette    bordage.o
    0x080011b0   0x080011b0   0x00000070   Code   RO          442    i.init_transmission  transmission.o
    0x08001220   0x08001220   0x00000050   Code   RO            4    i.main              main.o
    0x08001270   0x08001270   0x00000008   Code   RO          498    i.reception_data    usart.o
    0x08001278   0x08001278   0x0000004e   Code   RO          110    i.set_duty_cycle    mytimer.o
    0x080012c6   0x080012c6   0x00000002   PAD
    0x080012c8   0x080012c8   0x00000088   Code   RO            5    i.systick_IT        main.o
    0x08001350   0x08001350   0x0000009c   Code   RO          575    i.systick_Init      systick.o
    0x080013ec   0x080013ec   0x00000020   Data   RO          741    Region$$Table       anon$$obj.o


    Execution Region ER_RW (Exec base: 0x20000000, Load base: 0x0800140c, Size: 0x000000b8, Max: 0xffffffff, ABSOLUTE)

    Exec Addr    Load Addr    Size         Type   Attr      Idx    E Section Name        Object

    0x20000000   0x0800140c   0x00000005   Data   RW            6    .data               main.o
    0x20000005   0x08001411   0x00000003   PAD
    0x20000008   0x08001414   0x00000010   Data   RW          111    .data               mytimer.o
    0x20000018   0x08001424   0x00000004   Data   RW          190    .data               myadc.o
    0x2000001c   0x08001428   0x0000002c   Data   RW          252    .data               bordage.o
    0x20000048   0x08001454   0x00000001   Data   RW          298    .data               driver_gpio.o
    0x20000049   0x08001455   0x00000003   PAD
    0x2000004c   0x08001458   0x00000024   Data   RW          351    .data               antichavirement.o
    0x20000070   0x0800147c   0x00000018   Data   RW          406    .data               cap.o
    0x20000088   0x08001494   0x00000018   Data   RW          444    .data               transmission.o
    0x200000a0   0x080014ac   0x0000000c   Data   RW          499    .data               usart.o
    0x200000ac   0x080014b8   0x00000008   Data   RW          576    .data               systick.o
    0x200000b4   0x080014c0   0x00000004   Data   RW          670    .data               Lib_Com_Periph_2022.lib(myspi.o)


    Execution Region ER_ZI (Exec base: 0x200000b8, Load base: 0x080014c4, Size: 0x00000400, Max: 0xffffffff, ABSOLUTE)

    Exec Addr    Load Addr    Size         Type   Attr      Idx    E Section Name        Object

    0x200000b8        -       0x00000400   Zero   RW          609    STACK               startup_stm32f10x_md.o


==============================================================================

Image component sizes


      Code (inc. data)   RO Data    RW Data    ZI Data      Debug   Object Name

       364         62          0         36          0       2911   antichavirement.o
       512         52          0         44          0       2908   bordage.o
       160         32          0         24          0       1197   cap.o
       216          8          0          1          0       2655   driver_gpio.o
       216         54          0          5          0     208636   main.o
        88         14          0          4          0      26214   myadc.o
       442         36          0         16          0       4104   mytimer.o
        36          8        236          0       1024        804   startup_stm32f10x_md.o
       328         28          0          0          0       1949   system_stm32f10x.o
       184         24          0          8          0       2326   systick.o
       154         24          0         24          0       2258   transmission.o
       240         30          0         12          0       4244   usart.o

    ----------------------------------------------------------------------
      2942        372        268        180       1024     260206   Object Totals
         0          0         32          0          0          0   (incl. Generated)
         2          0          0          6          0          0   (incl. Padding)

    ----------------------------------------------------------------------

      Code (inc. data)   RO Data    RW Data    ZI Data      Debug   Library Member Name

       756         80          0          4          0        348   myspi.o
       380         56          0          0          0        108   atanf.o
        38          0          0          0          0         68   fpclassifyf.o
        16          0          0          0          0        136   funder.o
         0          0          0          0          0          0   entry.o
         0          0          0          0          0          0   entry10a.o
         0          0          0          0          0          0   entry11a.o
         4          0          0          0          0          0   entry12b.o
         8          4          0          0          0          0   entry2.o
         4          0          0          0          0          0   entry5.o
         0          0          0          0          0          0   entry7b.o
         0          0          0          0          0          0   entry8b.o
         8          4          0          0          0          0   entry9a.o
        30          0          0          0          0          0   handlers.o
        36          8          0          0          0         68   init.o
         0          0          0          0          0          0   iusefp.o
        48          0          0          0          0         68   cdrcmple.o
        38          0          0          0          0         68   f2d.o
       176          0          0          0          0        140   fadd.o
       124          0          0          0          0         88   fdiv.o
       110          0          0          0          0        168   fepilogue.o
        18          0          0          0          0         68   fflti.o
       100          0          0          0          0         76   fmul.o
        24          0          0          0          0         68   fscalb.o

    ----------------------------------------------------------------------
      1922        152          0          4          0       1472   Library Totals
         4          0          0          0          0          0   (incl. Padding)

    ----------------------------------------------------------------------

      Code (inc. data)   RO Data    RW Data    ZI Data      Debug   Library Name

       756         80          0          4          0        348   Lib_Com_Periph_2022.lib
       434         56          0          0          0        312   m_ws.l
        90         16          0          0          0         68   mc_w.l
       638          0          0          0          0        744   mf_w.l

    ----------------------------------------------------------------------
      1922        152          0          4          0       1472   Library Totals

    ----------------------------------------------------------------------

==============================================================================


      Code (inc. data)   RO Data    RW Data    ZI Data      Debug   

      4864        524        268        184       1024     259074   Grand Totals
      4864        524        268        184       1024     259074   ELF Image Totals
      4864        524        268        184          0          0   ROM Totals

==============================================================================

    Total RO  Size (Code + RO Data)                 5132 (   5.01kB)
    Total RW  Size (RW Data + ZI Data)              1208 (   1.18kB)
    Total ROM Size (Code + RO Data + RW Data)       5316 (   5.19kB)

==============================================================================

